tests/errors/modules/record-private/RecordPrivate.Mod:5:12: cannot select 'hidden': Public has no such field
tests/errors/modules/record-private/RecordPrivate.Mod:6:19: cannot select 'hidden': RECORD has no such field
tests/errors/modules/record-private/RecordPrivate.Mod:7:35: cannot select 'hidden': Public has no such field
tests/errors/modules/record-private/RecordPrivate.Mod:8:36: cannot select 'hidden': Private has no such field
Error: 4 error(s)
