         2         2
      2500      2500
        12        12
        12        12
       -13       -13
      2512      2512
      2487      2487
        25        25
       200       200
         1         1
         1         1
         1         1
         1         1
         0         0
         0         0
