tests/errors/IndirectCallBad.Mod:10:3: wrong number of arguments: expected 1, found 0
tests/errors/IndirectCallBad.Mod:11:10: argument 1 has type BOOLEAN, expected INTEGER
tests/errors/IndirectCallBad.Mod:12:3: function 'function' cannot be called as a statement
tests/errors/IndirectCallBad.Mod:13:8: 'action' cannot be used as a value
tests/errors/IndirectCallBad.Mod:14:8: cannot assign PROCEDURE(INTEGER): INTEGER to INTEGER
tests/errors/IndirectCallBad.Mod:15:8: wrong number of arguments: expected 1, found 0
tests/errors/IndirectCallBad.Mod:16:3: 'record.n' has type INTEGER and is not a procedure
Error: 7 error(s)
